Black wins!
I15J15J16J17K17A2L18B1M19
Thank you for playing!
