A12
A12B9C12
Invalid coordinate
Invalid coordinate
Occupied coordinate
A12B9C12D11S1
