Black wins!
A1A12B1A13C1A14D1A15E1
Thank you for playing!
