Occupied coordinate
Occupied coordinate
Occupied coordinate
Occupied coordinate
