Wow, a tie!
C1A1D1B1G1E1H1F1K1I1L1J1O1M1P1N1S1Q1A2R1B2C2E2D2F2G2I2H2J2K2M2L2N2O2Q2P2R2S2A3C3B3D3E3G3F3H3I3K3J3L3M3O3N3P3Q3S3R3C4A4D4B4G4E4H4F4K4I4L4J4O4M4P4N4S4Q4C5R4D5A5G5B5H5E5K5F5L5I5O5J5P5M5S5N5A6Q5B6R5E6C6F6D6I6G6J6H6M6K6N6L6Q6O6R6P6A7S6B7C7E7D7F7G7I7H7J7K7M7L7N7O7Q7P7R7S7A8C8B8D8E8G8F8H8I8K8J8L8M8O8N8P8Q8S8R8C9A9D9B9G9E9H9F9K9I9L9J9O9M9P9N9S9Q9A10R9B10C10E10D10F10G10I10H10J10K10M10L10N10O10Q10P10R10S10A11C11B11D11E11G11F11H11I11K11J11L11M11O11N11P11Q11S11R11C12A12D12B12G12E12H12F12K12I12L12J12O12M12P12N12S12Q12C13R12D13A13G13B13H13E13K13F13L13I13O13J13P13M13S13N13A14Q13B14R13E14C14F14D14I14G14J14H14M14K14N14L14Q14O14R14P14A15S14B15C15E15D15F15G15I15H15J15K15M15L15N15O15Q15P15R15S15A16C16B16D16E16G16F16H16I16K16J16L16M16O16N16P16Q16S16R16C17A17D17B17G17E17H17F17K17I17L17J17O17M17P17N17S17Q17A18R17B18C18E18D18F18G18I18H18J18K18M18L18N18O18Q18P18R18S18A19C19B19D19E19G19F19H19I19K19J19L19M19O19N19P19Q19S19R19
Thank you for playing!
