White wins!
A19D8A14D9B4D10B9D7C2D11
Thank you for playing!
