L17,xxxxxxx..........................................
B1,xx.....xx..o..xx.#...xx.....xxxxxxxxxxxxxxxxxxxxx
O17,xxxxxxx..........................................
O17,xxxxxxx..........................................
O17,xxxxxxx..........................................
