B16,xx.....xx.....xx.....xx.....xx.....xx.....xx.....
W
E16,.................................................
B
White wins!
C9S19
Thank you for playing!
