W
B16,xx.....xx.....xx.....xx.....xx.....xx.....xx.....
Black wins!
C9
Thank you for playing!
